// Jest Snapshot v1, https://goo.gl/fbAQLP

exports[`test suite for hooks functions should return a nested data set by keys 1`] = `[Function]`;
